#-----------------------------------------------------------
# Vivado v2018.2 (64-bit)
# SW Build 2258646 on Thu Jun 14 20:03:12 MDT 2018
# IP Build 2256618 on Thu Jun 14 22:10:49 MDT 2018
# Start of session at: Thu May  1 22:47:57 2025
# Process ID: 9028
# Current directory: C:/Users/hp/OneDrive/Desktop/project_10
# Command line: vivado.exe -gui_launcher_event rodinguilauncherevent31672 C:\Users\hp\OneDrive\Desktop\project_10\project_10.xpr
# Log file: C:/Users/hp/OneDrive/Desktop/project_10/vivado.log
# Journal file: C:/Users/hp/OneDrive/Desktop/project_10\vivado.jou
#-----------------------------------------------------------
start_gui
open_project C:/Users/hp/OneDrive/Desktop/project_10/project_10.xpr
Scanning sources...
Finished scanning sources
INFO: [IP_Flow 19-234] Refreshing IP repositories
INFO: [IP_Flow 19-1704] No user IP repositories specified
INFO: [IP_Flow 19-2313] Loaded Vivado IP repository 'E:/Vivado/2018.2/data/ip'.
open_project: Time (s): cpu = 00:00:13 ; elapsed = 00:00:14 . Memory (MB): peak = 833.254 ; gain = 77.234
update_compile_order -fileset sources_1
